error: Invalid attribute: expected `default` or `alternatives`
 --> $DIR/garbage_attribute.rs:5:5
  |
5 |     #[num_enum(garbage)]
  |     ^
